// Jest Snapshot v1, https://goo.gl/fbAQLP

exports[`VersionCheck run first run through displays correct message when the installed version not meeting project 1`] = `
[
  [
    "WARNING: this version: 0.9.23 does not meet the project requirements: >=1.0.0 <2.0.0

Run:

	chs-dev sync

to update chs-dev to a suitable version
--------------------------------------------------------------------------------

",
  ],
]
`;

exports[`VersionCheck run first run through displays correct message when there is newer version: 1.1.2 1`] = `
[
  [
    "================================================================================

ðŸ“£ There is a newer version (1.1.2) available (current version: 1.1.1)

Run:

	chs-dev sync

to update to latest version


================================================================================",
  ],
]
`;

exports[`VersionCheck run first run through displays correct message when there is newer version: 1.2.0 1`] = `
[
  [
    "================================================================================

ðŸ“£ There is a newer minor version (1.2.0) available (current version: 1.1.1)

Run:

	chs-dev sync

to update to latest version


================================================================================",
  ],
]
`;

exports[`VersionCheck run first run through displays correct message when there is newer version: 1.2.1 1`] = `
[
  [
    "================================================================================

ðŸ“£ There is a newer minor version (1.2.1) available (current version: 1.1.1)

Run:

	chs-dev sync

to update to latest version


================================================================================",
  ],
]
`;

exports[`VersionCheck run first run through displays correct message when there is newer version: 2.0.0 1`] = `
[
  [
    "================================================================================

ðŸ“£ There is a newer major version (2.0.0) available (current version: 1.1.1)

Run:

	chs-dev sync

to update to latest version


================================================================================",
  ],
]
`;

exports[`VersionCheck run first run through displays correct message when there is newer version: 2.0.1 1`] = `
[
  [
    "================================================================================

ðŸ“£ There is a newer major version (2.0.1) available (current version: 1.1.1)

Run:

	chs-dev sync

to update to latest version


================================================================================",
  ],
]
`;

exports[`VersionCheck run first run through displays correct message when there is newer version: 2.1.0 1`] = `
[
  [
    "================================================================================

ðŸ“£ There is a newer major version (2.1.0) available (current version: 1.1.1)

Run:

	chs-dev sync

to update to latest version


================================================================================",
  ],
]
`;

exports[`VersionCheck run subsequent run through displays correct message when the installed version not meeting project 1`] = `
[
  [
    "WARNING: this version: 0.9.23 does not meet the project requirements: >=1.0.0 <2.0.0

Run:

	chs-dev sync

to update chs-dev to a suitable version
--------------------------------------------------------------------------------

",
  ],
]
`;
